// Vitest Snapshot v1, https://vitest.dev/guide/snapshot.html

exports[`CardComposer 테스트 > 스냅샷 테스트 1`] = `
{
  "input": <input
    class="ant-input css-dev-only-do-not-override-ed5zg0 sc-gueYoa dfCOkd"
    name="filterMenu"
    placeholder="Enter a keyword..."
    type="text"
    value=""
  />,
}
`;
